// Jest Snapshot v1, https://goo.gl/fbAQLP

exports[`renders apply now correctly 1`] = `
<div
  className="available-meals-page"
>
  <h1
    className="available-meals-title text-center"
  >
    AvailableMealsComponent.headline
  </h1>
  <p
    className="available-meals-subtitle text-center"
  >
    AvailableMealsComponent.paragraph
  </p>
  <div
    className="meals-grid"
  />
</div>
`;
