// Jest Snapshot v1, https://goo.gl/fbAQLP

exports[`renders when there are is no gray InfoComponent 1`] = `
<div
  className="InfoComponentStyle"
>
  <div
    className="gray-theme"
  >
    <div
      className="media1"
    >
      <img
        alt=""
        className="info-img"
        src="img/info1.jpg"
      />
    </div>
    <div
      className="content"
    >
      <h2>
        InfoComponent.Info1.title
      </h2>
      <p>
        InfoComponent.Info1.content
      </p>
      <p
        className="small"
      >
        InfoComponent.Info1.subTitle
      </p>
    </div>
  </div>
</div>
`;
