// Jest Snapshot v1, https://goo.gl/fbAQLP

exports[`Features snapshot 1`] = `
<div>
  <div
    className="container"
  >
    <div
      className="feature row"
    >
      <div
        className="col"
      >
        <img
          alt="an image from the media"
          className="feature-img"
          src="Media.png"
        />
      </div>
      <div
        className="feature-text col"
      >
        <h1
          className="mb-4"
        >
          A feature
        </h1>
        <p
          className="my-4"
        >
          Lorem Ipsum is simply dummy text of the printing and typesetting industry. Lorem Ipsum has been the standard of the industry dummy text ever since the 1500s, when an unknown printer took a galley of type and scrambled it to make a type specimen book.
        </p>
        <button
          className="btn btn-outline-success"
          disabled={false}
          type="button"
        >
          Learn more
        </button>
      </div>
    </div>
  </div>
</div>
`;
