// Jest Snapshot v1, https://goo.gl/fbAQLP

exports[`Features snapshot 1`] = `
<div
  className=""
>
  <div
    className="no-gutters row"
  >
    <div
      className="d-none d-sm-block vh-100 col-md-6 col-6 order-1"
      style={
        Object {
          "backgroundImage": "url(Media1.png)",
          "backgroundSize": "cover",
        }
      }
    />
    <div
      className="text-left justify-items-center align-items-center vh-100 px-5  w-50 col-md-6 col-5 order-3"
    >
      <div
        className="d-flex justify-content-center align-items-center py-5 px-5 vh-100 "
      >
        <div
          className="py-5 px-5"
        >
          <h1
            className="pt-4 mb-4"
          >
            FeatureComponent.Feature0.title
          </h1>
          <p
            className="my-4"
          >
            FeatureComponent.Feature0.content
          </p>
          <button
            className="mb-4 btn btn-outline-success"
            disabled={false}
            type="button"
          >
            Learn more
          </button>
        </div>
      </div>
    </div>
  </div>
  <div
    className="no-gutters row"
  >
    <div
      className="d-none d-sm-block vh-100 col-md-6 col-6 order-3"
      style={
        Object {
          "backgroundImage": "url(Media2.png)",
          "backgroundSize": "cover",
        }
      }
    />
    <div
      className="text-left justify-items-center align-items-center vh-100 px-5  w-50 col-md-6 col-5 order-1"
    >
      <div
        className="d-flex justify-content-center align-items-center py-5 px-5 vh-100 "
      >
        <div
          className="py-5 px-5"
        >
          <h1
            className="pt-4 mb-4"
          >
            FeatureComponent.Feature1.title
          </h1>
          <p
            className="my-4"
          >
            FeatureComponent.Feature1.content
          </p>
          <button
            className="mb-4 btn btn-outline-success"
            disabled={false}
            type="button"
          >
            Learn more
          </button>
        </div>
      </div>
    </div>
  </div>
</div>
`;
