// Jest Snapshot v1, https://goo.gl/fbAQLP

exports[`renders when there is no Claim Meal component 1`] = `
<div
  className="ClaimMeal"
>
  <div
    className="meal"
  >
    <img
      alt=""
      className="image"
    />
    <h4 />
    <p
      className="location"
    />
    <p
      className="quantity"
    >
      Quantity : 
    </p>
    <p>
      Description : 
    </p>
  </div>
  <div
    className="form"
  >
    <h4
      style={
        Object {
          "marginBottom": 30,
        }
      }
    >
      Get This Meal
    </h4>
    <form
      className="formStyle"
      onSubmit={[Function]}
    >
      <label>
        Name 
        <sup>
          *
        </sup>
      </label>
      <input
        className="input"
        name="name"
        onChange={[Function]}
        type="text"
        value=""
      />
      <label>
        Email 
        <sup>
          *
        </sup>
      </label>
      <input
        className="input"
        name="email"
        onChange={[Function]}
        type="text"
        value=""
      />
      <label>
        Phone 
        <sup>
          *
        </sup>
      </label>
      <input
        className="input"
        name="phone"
        onChange={[Function]}
        type="text"
        value=""
      />
      <label>
        Organization 
        <sup>
          *
        </sup>
      </label>
      <input
        className="input"
        name="organization"
        onChange={[Function]}
        type="text"
        value=""
      />
      ReCAPCHA not working
      <input
        className="Submit"
        type="submit"
        value="Get This Meal"
      />
    </form>
  </div>
</div>
`;
