// Jest Snapshot v1, https://goo.gl/fbAQLP

exports[`renders when there is no CtaButton 1`] = `
<div>
  <button
    className="btn btn-default"
    style={
      Object {
        "backgroundColor": "#FFB701",
        "border": "none",
        "borderRadius": "5px",
        "color": "#000",
        "fontSamily": "roboto",
        "fontSize": "18px",
        "height": "60px",
        "left": "calc(50% - 240px/2 - 1px)",
        "top": "256px",
        "width": "240px",
      }
    }
  >
    Donate Now
  </button>
</div>
`;
