// Jest Snapshot v1, https://goo.gl/fbAQLP

exports[`renders apply now correctly 1`] = `
<div
  className="card"
>
  <div
    className="image-section"
  >
    <img
      alt="food"
      className="card-img"
    />
  </div>
  <div
    className="card-body"
  >
    <h5
      className="card-title"
    />
    <span
      className="card-text"
    />
    <button
      className="button"
      type="button"
    >
      Get This Meal
    </button>
  </div>
</div>
`;
