// Jest Snapshot v1, https://goo.gl/fbAQLP

exports[`renders apply now correctly 1`] = `
<div
  className="card cardSize mx-4"
>
  <div
    className="image-section"
  >
    <img
      alt="food"
      className="card-img"
      src="noImage.png"
    />
  </div>
  <div
    className="card-body"
  >
    <h5
      className="card-title "
    >
      No Tilte Available
    </h5>
    <span
      className="card-text"
    >
      No Organization Available
    </span>
  </div>
  <button
    className="button w-100 undefined"
    type="button"
  >
    AvailableMealsComponent.button
  </button>
</div>
`;
